--------------------
./configure --static --prefix=/home/elton/fiberhome-dump/stage/arm/usr
Sun Sep 20 14:53:16 -03 2026
=== ztest514883.c ===
extern int getchar();
int hello() {return getchar();}
===
../../toolchains/armv5-eabi--uclibc--stable-2025.08-1/bin/arm-buildroot-linux-uclibcgnueabi-gcc -c ztest514883.c
... using gcc

Checking for obsessive-compulsive compiler options...
=== ztest514883.c ===
int foo() { return 0; }
===
../../toolchains/armv5-eabi--uclibc--stable-2025.08-1/bin/arm-buildroot-linux-uclibcgnueabi-gcc -c -O3 ztest514883.c

Building static library libz.a version 1.2.13 with ../../toolchains/armv5-eabi--uclibc--stable-2025.08-1/bin/arm-buildroot-linux-uclibcgnueabi-gcc.

=== ztest514883.c ===
#include <stdio.h>
#include <stdlib.h>
size_t dummy = 0;
===
../../toolchains/armv5-eabi--uclibc--stable-2025.08-1/bin/arm-buildroot-linux-uclibcgnueabi-gcc -c -O3 ztest514883.c
Checking for size_t... Yes.

=== ztest514883.c ===
#include <sys/types.h>
off64_t dummy = 0;
===
../../toolchains/armv5-eabi--uclibc--stable-2025.08-1/bin/arm-buildroot-linux-uclibcgnueabi-gcc -c -O3 -D_LARGEFILE64_SOURCE=1 ztest514883.c
Checking for off64_t... Yes.
Checking for fseeko... Yes.

=== ztest514883.c ===
#include <string.h>
#include <errno.h>
int main() { return strlen(strerror(errno)); }
===
../../toolchains/armv5-eabi--uclibc--stable-2025.08-1/bin/arm-buildroot-linux-uclibcgnueabi-gcc -O3 -D_LARGEFILE64_SOURCE=1 -o ztest514883 ztest514883.c
Checking for strerror... Yes.

=== ztest514883.c ===
#include <unistd.h>
int main() { return 0; }
===
../../toolchains/armv5-eabi--uclibc--stable-2025.08-1/bin/arm-buildroot-linux-uclibcgnueabi-gcc -c -O3 -D_LARGEFILE64_SOURCE=1 ztest514883.c
Checking for unistd.h... Yes.

=== ztest514883.c ===
#include <stdarg.h>
int main() { return 0; }
===
../../toolchains/armv5-eabi--uclibc--stable-2025.08-1/bin/arm-buildroot-linux-uclibcgnueabi-gcc -c -O3 -D_LARGEFILE64_SOURCE=1 ztest514883.c
Checking for stdarg.h... Yes.

=== ztest514883.c ===
#include <stdio.h>
#include <stdarg.h>
#include "zconf.h"
int main()
{
#ifndef STDC
  choke me
#endif
  return 0;
}
===
../../toolchains/armv5-eabi--uclibc--stable-2025.08-1/bin/arm-buildroot-linux-uclibcgnueabi-gcc -c -O3 -D_LARGEFILE64_SOURCE=1 ztest514883.c
Checking whether to use vs[n]printf() or s[n]printf()... using vs[n]printf().

=== ztest514883.c ===
#include <stdio.h>
#include <stdarg.h>
int mytest(const char *fmt, ...)
{
  char buf[20];
  va_list ap;
  va_start(ap, fmt);
  vsnprintf(buf, sizeof(buf), fmt, ap);
  va_end(ap);
  return 0;
}
int main()
{
  return (mytest("Hello%d\n", 1));
}
===
../../toolchains/armv5-eabi--uclibc--stable-2025.08-1/bin/arm-buildroot-linux-uclibcgnueabi-gcc -O3 -D_LARGEFILE64_SOURCE=1 -o ztest514883 ztest514883.c
Checking for vsnprintf() in stdio.h... Yes.

=== ztest514883.c ===
#include <stdio.h>
#include <stdarg.h>
int mytest(const char *fmt, ...)
{
  int n;
  char buf[20];
  va_list ap;
  va_start(ap, fmt);
  n = vsnprintf(buf, sizeof(buf), fmt, ap);
  va_end(ap);
  return n;
}
int main()
{
  return (mytest("Hello%d\n", 1));
}
===
../../toolchains/armv5-eabi--uclibc--stable-2025.08-1/bin/arm-buildroot-linux-uclibcgnueabi-gcc -c -O3 -D_LARGEFILE64_SOURCE=1 ztest514883.c
Checking for return value of vsnprintf()... Yes.

=== ztest514883.c ===
#define ZLIB_INTERNAL __attribute__((visibility ("hidden")))
int ZLIB_INTERNAL foo;
int main()
{
  return 0;
}
===
../../toolchains/armv5-eabi--uclibc--stable-2025.08-1/bin/arm-buildroot-linux-uclibcgnueabi-gcc -c -O3 -D_LARGEFILE64_SOURCE=1 ztest514883.c
Checking for attribute(visibility) support... Yes.

ALL = static all64
AR = ../../toolchains/armv5-eabi--uclibc--stable-2025.08-1/bin/arm-buildroot-linux-uclibcgnueabi-ar
ARFLAGS = rc
CC = ../../toolchains/armv5-eabi--uclibc--stable-2025.08-1/bin/arm-buildroot-linux-uclibcgnueabi-gcc
CFLAGS = -O3 -D_LARGEFILE64_SOURCE=1 -DHAVE_HIDDEN
CPP =
EXE =
LDCONFIG = ldconfig
LDFLAGS =
LDSHARED = ../../toolchains/armv5-eabi--uclibc--stable-2025.08-1/bin/arm-buildroot-linux-uclibcgnueabi-gcc
LDSHAREDLIBC = -lc
OBJC = $(OBJZ) $(OBJG)
PIC_OBJC = $(PIC_OBJZ) $(PIC_OBJG)
RANLIB = ../../toolchains/armv5-eabi--uclibc--stable-2025.08-1/bin/arm-buildroot-linux-uclibcgnueabi-ranlib
SFLAGS = -O3 -fPIC -D_LARGEFILE64_SOURCE=1 -DHAVE_HIDDEN
SHAREDLIB =
SHAREDLIBM =
SHAREDLIBV =
STATICLIB = libz.a
TEST = all teststatic test64
VER = 1.2.13
SRCDIR =
exec_prefix = ${prefix}
includedir = ${prefix}/include
libdir = ${exec_prefix}/lib
mandir = ${prefix}/share/man
prefix = /home/elton/fiberhome-dump/stage/arm/usr
sharedlibdir = ${libdir}
uname = Linux
--------------------


